layer at (0,0) size 800x600
  RenderView at (0,0) size 800x600
layer at (0,0) size 800x380
  RenderBlock {HTML} at (0,0) size 800x380
    RenderBody {BODY} at (8,16) size 784x348
      RenderBlock {P} at (0,0) size 784x20
        RenderText {#text} at (0,0) size 314x19
          text run at (0,0) width 314: "This test is a basic check for using text-overflow."
      RenderBlock {P} at (0,36) size 784x108
        RenderText {#text} at (0,0) size 490x19
          text run at (0,0) width 490: "Apply \"text-overflow:clip\" to inputs. The following input should be clipped:"
        RenderBR {BR} at (489,0) size 1x19
        RenderTextControl {INPUT} at (0,21) size 155x22 [bgcolor=#FFFFFF] [border: (1px solid #3C3C4399)]
        RenderText {#text} at (154,20) size 5x19
          text run at (154,20) width 5: " "
        RenderTextControl {INPUT} at (158,21) size 167x22 [bgcolor=#EEEEEF] [border: (1px solid #FFFFFF)]
          RenderFlexibleBox {DIV} at (6,3) size 154x15
            RenderBlock {DIV} at (0,1) size 11x12
            RenderBlock {DIV} at (15,0) size 138x14
            RenderBlock {DIV} at (152,7) size 0x0
        RenderText {#text} at (324,20) size 5x19
          text run at (324,20) width 5: " "
        RenderTextControl {INPUT} at (328,21) size 156x22 [bgcolor=#FFFFFF] [border: (1px solid #3C3C4399)]
        RenderText {#text} at (483,20) size 5x19
          text run at (483,20) width 5: " "
        RenderTextControl {INPUT} at (487,21) size 167x22 [bgcolor=#EEEEEF] [border: (1px solid #FFFFFF)]
          RenderFlexibleBox {DIV} at (6,3) size 154x15
            RenderBlock {DIV} at (0,1) size 11x12
            RenderBlock {DIV} at (15,0) size 127x14
            RenderBlock {DIV} at (141,7) size 0x0
        RenderText {#text} at (0,0) size 0x0
        RenderTextControl {INPUT} at (0,43) size 155x22 [bgcolor=#FFFFFF] [border: (1px solid #3C3C4399)]
          RenderFlexibleBox {DIV} at (6,3) size 143x15
            RenderBlock {DIV} at (0,0) size 142x14
        RenderBR {BR} at (154,42) size 1x19
        RenderTextControl {INPUT} at (0,65) size 153x22 [bgcolor=#FFFFFF] [border: (1px solid #3C3C4399)]
        RenderText {#text} at (152,64) size 5x19
          text run at (152,64) width 5: " "
        RenderTextControl {INPUT} at (156,65) size 165x22 [bgcolor=#EEEEEF] [border: (1px solid #FFFFFF)]
          RenderFlexibleBox {DIV} at (6,3) size 152x15
            RenderBlock {DIV} at (139,1) size 12x12
            RenderBlock {DIV} at (0,0) size 136x14
            RenderBlock {DIV} at (0,7) size 0x0
        RenderText {#text} at (320,64) size 5x19
          text run at (320,64) width 5: " "
        RenderTextControl {INPUT} at (324,65) size 154x22 [bgcolor=#FFFFFF] [border: (1px solid #3C3C4399)]
        RenderText {#text} at (477,64) size 5x19
          text run at (477,64) width 5: " "
        RenderTextControl {INPUT} at (481,65) size 165x22 [bgcolor=#EEEEEF] [border: (1px solid #FFFFFF)]
          RenderFlexibleBox {DIV} at (6,3) size 152x15
            RenderBlock {DIV} at (139,1) size 12x12
            RenderBlock {DIV} at (0,0) size 136x14
            RenderBlock {DIV} at (0,7) size 0x0
        RenderText {#text} at (0,0) size 0x0
        RenderTextControl {INPUT} at (0,87) size 155x22 [bgcolor=#FFFFFF] [border: (1px solid #3C3C4399)]
          RenderFlexibleBox {DIV} at (6,3) size 143x15
            RenderBlock {DIV} at (0,0) size 142x14
        RenderText {#text} at (0,0) size 0x0
      RenderBlock {P} at (0,160) size 784x108
        RenderText {#text} at (0,0) size 547x19
          text run at (0,0) width 547: "Apply \"text-overflow:ellipsis\" to inputs. The following input should show an ellipsis:"
        RenderBR {BR} at (546,0) size 1x19
        RenderTextControl {INPUT} at (0,21) size 155x22 [bgcolor=#FFFFFF] [border: (1px solid #3C3C4399)]
        RenderText {#text} at (154,20) size 5x19
          text run at (154,20) width 5: " "
        RenderTextControl {INPUT} at (158,21) size 167x22 [bgcolor=#EEEEEF] [border: (1px solid #FFFFFF)]
          RenderFlexibleBox {DIV} at (6,3) size 154x15
            RenderBlock {DIV} at (0,1) size 11x12
            RenderBlock {DIV} at (15,0) size 138x14
            RenderBlock {DIV} at (152,7) size 0x0
        RenderText {#text} at (324,20) size 5x19
          text run at (324,20) width 5: " "
        RenderTextControl {INPUT} at (328,21) size 156x22 [bgcolor=#FFFFFF] [border: (1px solid #3C3C4399)]
        RenderText {#text} at (483,20) size 5x19
          text run at (483,20) width 5: " "
        RenderTextControl {INPUT} at (487,21) size 167x22 [bgcolor=#EEEEEF] [border: (1px solid #FFFFFF)]
          RenderFlexibleBox {DIV} at (6,3) size 154x15
            RenderBlock {DIV} at (0,1) size 11x12
            RenderBlock {DIV} at (15,0) size 127x14
            RenderBlock {DIV} at (141,7) size 0x0
        RenderText {#text} at (0,0) size 0x0
        RenderTextControl {INPUT} at (0,43) size 155x22 [bgcolor=#FFFFFF] [border: (1px solid #3C3C4399)]
          RenderFlexibleBox {DIV} at (6,3) size 143x15
            RenderBlock {DIV} at (0,0) size 142x14
        RenderBR {BR} at (154,42) size 1x19
        RenderTextControl {INPUT} at (0,65) size 153x22 [bgcolor=#FFFFFF] [border: (1px solid #3C3C4399)]
        RenderText {#text} at (152,64) size 5x19
          text run at (152,64) width 5: " "
        RenderTextControl {INPUT} at (156,65) size 165x22 [bgcolor=#EEEEEF] [border: (1px solid #FFFFFF)]
          RenderFlexibleBox {DIV} at (6,3) size 152x15
            RenderBlock {DIV} at (139,1) size 12x12
            RenderBlock {DIV} at (0,0) size 136x14
            RenderBlock {DIV} at (0,7) size 0x0
        RenderText {#text} at (320,64) size 5x19
          text run at (320,64) width 5: " "
        RenderTextControl {INPUT} at (324,65) size 154x22 [bgcolor=#FFFFFF] [border: (1px solid #3C3C4399)]
        RenderText {#text} at (477,64) size 5x19
          text run at (477,64) width 5: " "
        RenderTextControl {INPUT} at (481,65) size 165x22 [bgcolor=#EEEEEF] [border: (1px solid #FFFFFF)]
          RenderFlexibleBox {DIV} at (6,3) size 152x15
            RenderBlock {DIV} at (139,1) size 12x12
            RenderBlock {DIV} at (0,0) size 136x14
            RenderBlock {DIV} at (0,7) size 0x0
        RenderText {#text} at (0,0) size 0x0
        RenderTextControl {INPUT} at (0,87) size 155x22 [bgcolor=#FFFFFF] [border: (1px solid #3C3C4399)]
          RenderFlexibleBox {DIV} at (6,3) size 143x15
            RenderBlock {DIV} at (0,0) size 142x14
        RenderText {#text} at (0,0) size 0x0
      RenderBlock {P} at (0,284) size 784x64
        RenderText {#text} at (0,0) size 238x19
          text run at (0,0) width 238: "Dynamic style change text-overflow:"
        RenderBR {BR} at (237,0) size 1x19
        RenderText {#text} at (0,20) size 247x19
          text run at (0,20) width 247: "Clip to ellipsis (should show ellipsis): "
        RenderTextControl {INPUT} at (246,21) size 156x22 [bgcolor=#FFFFFF] [border: (1px solid #3C3C4399)]
        RenderText {#text} at (401,20) size 5x19
          text run at (401,20) width 5: " "
        RenderTextControl {INPUT} at (405,21) size 155x22 [bgcolor=#FFFFFF] [border: (1px solid #3C3C4399)]
        RenderText {#text} at (559,20) size 5x19
          text run at (559,20) width 5: " "
        RenderBR {BR} at (563,20) size 1x19
        RenderText {#text} at (0,42) size 270x19
          text run at (0,42) width 270: "Ellipsis to clip (should not show ellipsis): "
        RenderTextControl {INPUT} at (269,43) size 156x22 [bgcolor=#FFFFFF] [border: (1px solid #3C3C4399)]
        RenderText {#text} at (424,42) size 5x19
          text run at (424,42) width 5: " "
        RenderTextControl {INPUT} at (428,43) size 156x22 [bgcolor=#FFFFFF] [border: (1px solid #3C3C4399)]
        RenderText {#text} at (583,42) size 5x19
          text run at (583,42) width 5: " "
        RenderBR {BR} at (587,42) size 1x19
layer at (15,76) size 141x14 scrollWidth 288
  RenderBlock {DIV} at (6,3) size 143x15 [color=#A9A9A9]
    RenderText {#text} at (0,0) size 288x14
      text run at (0,0) width 288: "Lorem ipsum dolor sit amet, consectetur adipiscing elit"
layer at (15,76) size 141x14
  RenderBlock {DIV} at (6,3) size 143x15
layer at (188,76) size 137x14 scrollWidth 288
  RenderBlock {DIV} at (21,3) size 139x15 [color=#A9A9A9]
    RenderText {#text} at (0,0) size 288x14
      text run at (0,0) width 288: "Lorem ipsum dolor sit amet, consectetur adipiscing elit"
layer at (188,76) size 138x14
  RenderBlock {DIV} at (0,0) size 138x14
layer at (343,76) size 141x14 scrollWidth 290
  RenderBlock {DIV} at (6,3) size 143x15
    RenderText {#text} at (0,0) size 288x14
      text run at (0,0) width 288: "Lorem ipsum dolor sit amet, consectetur adipiscing elit"
layer at (517,76) size 138x14 scrollWidth 290
  RenderBlock {DIV} at (0,0) size 138x14
    RenderText {#text} at (0,0) size 288x14
      text run at (0,0) width 288: "Lorem ipsum dolor sit amet, consectetur adipiscing elit"
layer at (15,98) size 142x14 backgroundClip at (15,98) size 141x14 clip at (15,98) size 141x14 scrollWidth 387
  RenderBlock {DIV} at (0,0) size 142x14
    RenderText {#text} at (0,0) size 385x14
      text run at (0,0) width 385: "\x{F79A}\x{F79A}\x{F79A}\x{F79A}\x{F79A}\x{F79A}\x{F79A}\x{F79A}\x{F79A}\x{F79A}\x{F79A}\x{F79A}\x{F79A}\x{F79A}\x{F79A}\x{F79A}\x{F79A}\x{F79A}\x{F79A}\x{F79A}\x{F79A}\x{F79A}\x{F79A}\x{F79A}\x{F79A}\x{F79A}\x{F79A}\x{F79A}\x{F79A}\x{F79A}\x{F79A}\x{F79A}\x{F79A}\x{F79A}\x{F79A}\x{F79A}\x{F79A}\x{F79A}\x{F79A}\x{F79A}\x{F79A}\x{F79A}\x{F79A}\x{F79A}\x{F79A}\x{F79A}\x{F79A}\x{F79A}\x{F79A}\x{F79A}\x{F79A}\x{F79A}\x{F79A}\x{F79A}\x{F79A}"
layer at (15,120) size 139x14 scrollX 148 scrollWidth 288
  RenderBlock {DIV} at (6,3) size 141x15 [color=#A9A9A9]
    RenderText {#text} at (-147,0) size 288x14
      text run at (-147,0) width 287: "Lorem ipsum dolor sit amet, consectetur adipiscing elit"
layer at (15,120) size 139x14
  RenderBlock {DIV} at (6,3) size 141x15
layer at (171,120) size 135x14 scrollX 152 scrollWidth 288
  RenderBlock {DIV} at (6,3) size 137x15 [color=#A9A9A9]
    RenderText {#text} at (-151,0) size 288x14
      text run at (-151,0) width 287: "Lorem ipsum dolor sit amet, consectetur adipiscing elit"
layer at (171,120) size 136x14
  RenderBlock {DIV} at (0,0) size 136x14
layer at (339,120) size 139x14 scrollX 149 scrollWidth 289
  RenderBlock {DIV} at (6,3) size 141x15
    RenderText {#text} at (-147,0) size 288x14
      text run at (-147,0) width 287: "Lorem ipsum dolor sit amet, consectetur adipiscing elit"
layer at (496,120) size 136x14 scrollX 153 scrollWidth 289
  RenderBlock {DIV} at (0,0) size 136x14
    RenderText {#text} at (-151,0) size 288x14
      text run at (-151,0) width 287: "Lorem ipsum dolor sit amet, consectetur adipiscing elit"
layer at (15,142) size 142x14 backgroundClip at (15,142) size 141x14 clip at (15,142) size 141x14 scrollWidth 387
  RenderBlock {DIV} at (0,0) size 142x14
    RenderText {#text} at (0,0) size 385x14
      text run at (0,0) width 385: "\x{F79A}\x{F79A}\x{F79A}\x{F79A}\x{F79A}\x{F79A}\x{F79A}\x{F79A}\x{F79A}\x{F79A}\x{F79A}\x{F79A}\x{F79A}\x{F79A}\x{F79A}\x{F79A}\x{F79A}\x{F79A}\x{F79A}\x{F79A}\x{F79A}\x{F79A}\x{F79A}\x{F79A}\x{F79A}\x{F79A}\x{F79A}\x{F79A}\x{F79A}\x{F79A}\x{F79A}\x{F79A}\x{F79A}\x{F79A}\x{F79A}\x{F79A}\x{F79A}\x{F79A}\x{F79A}\x{F79A}\x{F79A}\x{F79A}\x{F79A}\x{F79A}\x{F79A}\x{F79A}\x{F79A}\x{F79A}\x{F79A}\x{F79A}\x{F79A}\x{F79A}\x{F79A}\x{F79A}\x{F79A}"
layer at (15,200) size 141x14 scrollWidth 288
  RenderBlock {DIV} at (6,3) size 143x15 [color=#A9A9A9]
    RenderText {#text} at (0,0) size 288x14
      text run at (0,0) width 288: "Lorem ipsum dolor sit amet, consectetur adipiscing elit"
layer at (15,200) size 141x14
  RenderBlock {DIV} at (6,3) size 143x15
layer at (188,200) size 137x14 scrollWidth 288
  RenderBlock {DIV} at (21,3) size 139x15 [color=#A9A9A9]
    RenderText {#text} at (0,0) size 288x14
      text run at (0,0) width 288: "Lorem ipsum dolor sit amet, consectetur adipiscing elit"
layer at (188,200) size 138x14
  RenderBlock {DIV} at (0,0) size 138x14
layer at (343,200) size 141x14 scrollWidth 290
  RenderBlock {DIV} at (6,3) size 143x15
    RenderText {#text} at (0,0) size 288x14
      text run at (0,0) width 288: "Lorem ipsum dolor sit amet, consectetur adipiscing elit"
layer at (517,200) size 138x14 scrollWidth 290
  RenderBlock {DIV} at (0,0) size 138x14
    RenderText {#text} at (0,0) size 288x14
      text run at (0,0) width 288: "Lorem ipsum dolor sit amet, consectetur adipiscing elit"
layer at (15,222) size 142x14 backgroundClip at (15,222) size 141x14 clip at (15,222) size 141x14 scrollWidth 387
  RenderBlock {DIV} at (0,0) size 142x14
    RenderText {#text} at (0,0) size 385x14
      text run at (0,0) width 385: "\x{25CF}\x{25CF}\x{25CF}\x{25CF}\x{25CF}\x{25CF}\x{25CF}\x{25CF}\x{25CF}\x{25CF}\x{25CF}\x{25CF}\x{25CF}\x{25CF}\x{25CF}\x{25CF}\x{25CF}\x{25CF}\x{25CF}\x{25CF}\x{25CF}\x{25CF}\x{25CF}\x{25CF}\x{25CF}\x{25CF}\x{25CF}\x{25CF}\x{25CF}\x{25CF}\x{25CF}\x{25CF}\x{25CF}\x{25CF}\x{25CF}\x{25CF}\x{25CF}\x{25CF}\x{25CF}\x{25CF}\x{25CF}\x{25CF}\x{25CF}\x{25CF}\x{25CF}\x{25CF}\x{25CF}\x{25CF}\x{25CF}\x{25CF}\x{25CF}\x{25CF}\x{25CF}\x{25CF}\x{25CF}"
layer at (15,244) size 139x14 scrollX 148 scrollWidth 288
  RenderBlock {DIV} at (6,3) size 141x15 [color=#A9A9A9]
    RenderText {#text} at (-147,0) size 288x14
      text run at (-147,0) width 287: "Lorem ipsum dolor sit amet, consectetur adipiscing elit"
layer at (15,244) size 139x14
  RenderBlock {DIV} at (6,3) size 141x15
layer at (171,244) size 135x14 scrollX 152 scrollWidth 288
  RenderBlock {DIV} at (6,3) size 137x15 [color=#A9A9A9]
    RenderText {#text} at (-151,0) size 288x14
      text run at (-151,0) width 287: "Lorem ipsum dolor sit amet, consectetur adipiscing elit"
layer at (171,244) size 136x14
  RenderBlock {DIV} at (0,0) size 136x14
layer at (339,244) size 139x14 scrollX 148 scrollWidth 288
  RenderBlock {DIV} at (6,3) size 141x15
    RenderText {#text} at (-147,0) size 288x14
      text run at (-147,0) width 287: "Lorem ipsum dolor sit amet, consectetur adipiscing elit"
layer at (496,244) size 136x14 scrollX 152 scrollWidth 288
  RenderBlock {DIV} at (0,0) size 136x14
    RenderText {#text} at (-151,0) size 288x14
      text run at (-151,0) width 287: "Lorem ipsum dolor sit amet, consectetur adipiscing elit"
layer at (15,266) size 142x14 backgroundClip at (15,266) size 141x14 clip at (15,266) size 141x14 scrollWidth 394
  RenderBlock {DIV} at (0,0) size 142x14
    RenderText {#text} at (7,0) size 385x14
      text run at (7,0) width 385: "\x{25CF}\x{25CF}\x{25CF}\x{25CF}\x{25CF}\x{25CF}\x{25CF}\x{25CF}\x{25CF}\x{25CF}\x{25CF}\x{25CF}\x{25CF}\x{25CF}\x{25CF}\x{25CF}\x{25CF}\x{25CF}\x{25CF}\x{25CF}\x{25CF}\x{25CF}\x{25CF}\x{25CF}\x{25CF}\x{25CF}\x{25CF}\x{25CF}\x{25CF}\x{25CF}\x{25CF}\x{25CF}\x{25CF}\x{25CF}\x{25CF}\x{25CF}\x{25CF}\x{25CF}\x{25CF}\x{25CF}\x{25CF}\x{25CF}\x{25CF}\x{25CF}\x{25CF}\x{25CF}\x{25CF}\x{25CF}\x{25CF}\x{25CF}\x{25CF}\x{25CF}\x{25CF}\x{25CF}\x{25CF}"
layer at (261,324) size 141x14 scrollWidth 288
  RenderBlock {DIV} at (6,3) size 143x15 [color=#A9A9A9]
    RenderText {#text} at (0,0) size 288x14
      text run at (0,0) width 288: "Lorem ipsum dolor sit amet, consectetur adipiscing elit"
layer at (261,324) size 141x14
  RenderBlock {DIV} at (6,3) size 143x15
layer at (420,324) size 141x14 scrollWidth 290
  RenderBlock {DIV} at (6,3) size 143x15
    RenderText {#text} at (0,0) size 288x14
      text run at (0,0) width 288: "Lorem ipsum dolor sit amet, consectetur adipiscing elit"
layer at (284,346) size 141x14 scrollWidth 288
  RenderBlock {DIV} at (6,3) size 143x15 [color=#A9A9A9]
    RenderText {#text} at (0,0) size 288x14
      text run at (0,0) width 288: "Lorem ipsum dolor sit amet, consectetur adipiscing elit"
layer at (284,346) size 141x14
  RenderBlock {DIV} at (6,3) size 143x15
layer at (443,346) size 141x14 scrollWidth 290
  RenderBlock {DIV} at (6,3) size 143x15
    RenderText {#text} at (0,0) size 288x14
      text run at (0,0) width 288: "Lorem ipsum dolor sit amet, consectetur adipiscing elit"
