layer at (0,0) size 800x600
  RenderView at (0,0) size 800x600
layer at (0,0) size 800x342
  RenderBlock {HTML} at (0,0) size 800x342
    RenderBody {BODY} at (8,16) size 784x310
      RenderBlock {P} at (0,0) size 784x18
        RenderText {#text} at (0,0) size 314x18
          text run at (0,0) width 314: "This test is a basic check for using text-overflow."
      RenderBlock {P} at (0,34) size 784x94
        RenderText {#text} at (0,0) size 489x18
          text run at (0,0) width 489: "Apply \"text-overflow:clip\" to inputs. The following input should be clipped:"
        RenderBR {BR} at (488,0) size 1x18
        RenderTextControl {INPUT} at (0,18) size 147x19 [bgcolor=#FFFFFF] [border: (2px inset #000000)]
        RenderText {#text} at (146,18) size 5x18
          text run at (146,18) width 5: " "
        RenderTextControl {INPUT} at (150,18) size 175x19 [bgcolor=#FFFFFF] [border: (2px inset #000000)]
          RenderFlexibleBox {DIV} at (3,0) size 168x19
            RenderBlock {DIV} at (0,0) size 8x19
            RenderBlock {DIV} at (8,3) size 141x13
            RenderBlock {DIV} at (148,0) size 20x19
        RenderText {#text} at (324,18) size 5x18
          text run at (324,18) width 5: " "
        RenderTextControl {INPUT} at (328,18) size 148x19 [bgcolor=#FFFFFF] [border: (2px inset #000000)]
        RenderText {#text} at (475,18) size 5x18
          text run at (475,18) width 5: " "
        RenderTextControl {INPUT} at (479,18) size 175x19 [bgcolor=#FFFFFF] [border: (2px inset #000000)]
          RenderFlexibleBox {DIV} at (3,0) size 168x19
            RenderBlock {DIV} at (0,0) size 8x19
            RenderBlock {DIV} at (8,3) size 141x13
            RenderBlock {DIV} at (148,0) size 20x19
        RenderText {#text} at (0,0) size 0x0
        RenderTextControl {INPUT} at (0,37) size 147x19 [bgcolor=#FFFFFF] [border: (2px inset #000000)]
          RenderFlexibleBox {DIV} at (3,3) size 141x13
            RenderBlock {DIV} at (0,0) size 141x13
        RenderBR {BR} at (146,37) size 1x18
        RenderTextControl {INPUT} at (0,56) size 146x19 [bgcolor=#FFFFFF] [border: (2px inset #000000)]
        RenderText {#text} at (145,56) size 5x18
          text run at (145,56) width 5: " "
        RenderTextControl {INPUT} at (149,56) size 174x19 [bgcolor=#FFFFFF] [border: (2px inset #000000)]
          RenderFlexibleBox {DIV} at (3,0) size 167x19
            RenderBlock {DIV} at (158,0) size 9x19
            RenderBlock {DIV} at (19,3) size 140x13
            RenderBlock {DIV} at (0,0) size 19x19
        RenderText {#text} at (322,56) size 5x18
          text run at (322,56) width 5: " "
        RenderTextControl {INPUT} at (326,56) size 147x19 [bgcolor=#FFFFFF] [border: (2px inset #000000)]
        RenderText {#text} at (472,56) size 5x18
          text run at (472,56) width 5: " "
        RenderTextControl {INPUT} at (476,56) size 174x19 [bgcolor=#FFFFFF] [border: (2px inset #000000)]
          RenderFlexibleBox {DIV} at (3,0) size 167x19
            RenderBlock {DIV} at (158,0) size 9x19
            RenderBlock {DIV} at (19,3) size 140x13
            RenderBlock {DIV} at (0,0) size 19x19
        RenderText {#text} at (0,0) size 0x0
        RenderTextControl {INPUT} at (0,75) size 146x19 [bgcolor=#FFFFFF] [border: (2px inset #000000)]
          RenderFlexibleBox {DIV} at (3,3) size 140x13
            RenderBlock {DIV} at (0,0) size 140x13
        RenderText {#text} at (0,0) size 0x0
      RenderBlock {P} at (0,144) size 784x94
        RenderText {#text} at (0,0) size 546x18
          text run at (0,0) width 546: "Apply \"text-overflow:ellipsis\" to inputs. The following input should show an ellipsis:"
        RenderBR {BR} at (545,0) size 1x18
        RenderTextControl {INPUT} at (0,18) size 147x19 [bgcolor=#FFFFFF] [border: (2px inset #000000)]
        RenderText {#text} at (146,18) size 5x18
          text run at (146,18) width 5: " "
        RenderTextControl {INPUT} at (150,18) size 175x19 [bgcolor=#FFFFFF] [border: (2px inset #000000)]
          RenderFlexibleBox {DIV} at (3,0) size 168x19
            RenderBlock {DIV} at (0,0) size 8x19
            RenderBlock {DIV} at (8,3) size 141x13
            RenderBlock {DIV} at (148,0) size 20x19
        RenderText {#text} at (324,18) size 5x18
          text run at (324,18) width 5: " "
        RenderTextControl {INPUT} at (328,18) size 148x19 [bgcolor=#FFFFFF] [border: (2px inset #000000)]
        RenderText {#text} at (475,18) size 5x18
          text run at (475,18) width 5: " "
        RenderTextControl {INPUT} at (479,18) size 175x19 [bgcolor=#FFFFFF] [border: (2px inset #000000)]
          RenderFlexibleBox {DIV} at (3,0) size 168x19
            RenderBlock {DIV} at (0,0) size 8x19
            RenderBlock {DIV} at (8,3) size 141x13
            RenderBlock {DIV} at (148,0) size 20x19
        RenderText {#text} at (0,0) size 0x0
        RenderTextControl {INPUT} at (0,37) size 147x19 [bgcolor=#FFFFFF] [border: (2px inset #000000)]
          RenderFlexibleBox {DIV} at (3,3) size 141x13
            RenderBlock {DIV} at (0,0) size 141x13
        RenderBR {BR} at (146,37) size 1x18
        RenderTextControl {INPUT} at (0,56) size 146x19 [bgcolor=#FFFFFF] [border: (2px inset #000000)]
        RenderText {#text} at (145,56) size 5x18
          text run at (145,56) width 5: " "
        RenderTextControl {INPUT} at (149,56) size 174x19 [bgcolor=#FFFFFF] [border: (2px inset #000000)]
          RenderFlexibleBox {DIV} at (3,0) size 167x19
            RenderBlock {DIV} at (158,0) size 9x19
            RenderBlock {DIV} at (19,3) size 140x13
            RenderBlock {DIV} at (0,0) size 19x19
        RenderText {#text} at (322,56) size 5x18
          text run at (322,56) width 5: " "
        RenderTextControl {INPUT} at (326,56) size 147x19 [bgcolor=#FFFFFF] [border: (2px inset #000000)]
        RenderText {#text} at (472,56) size 5x18
          text run at (472,56) width 5: " "
        RenderTextControl {INPUT} at (476,56) size 174x19 [bgcolor=#FFFFFF] [border: (2px inset #000000)]
          RenderFlexibleBox {DIV} at (3,0) size 167x19
            RenderBlock {DIV} at (158,0) size 9x19
            RenderBlock {DIV} at (19,3) size 140x13
            RenderBlock {DIV} at (0,0) size 19x19
        RenderText {#text} at (0,0) size 0x0
        RenderTextControl {INPUT} at (0,75) size 146x19 [bgcolor=#FFFFFF] [border: (2px inset #000000)]
          RenderFlexibleBox {DIV} at (3,3) size 140x13
            RenderBlock {DIV} at (0,0) size 140x13
        RenderText {#text} at (0,0) size 0x0
      RenderBlock {P} at (0,254) size 784x56
        RenderText {#text} at (0,0) size 237x18
          text run at (0,0) width 237: "Dynamic style change text-overflow:"
        RenderBR {BR} at (236,0) size 1x18
        RenderText {#text} at (0,18) size 247x18
          text run at (0,18) width 247: "Clip to ellipsis (should show ellipsis): "
        RenderTextControl {INPUT} at (246,18) size 148x19 [bgcolor=#FFFFFF] [border: (2px inset #000000)]
        RenderText {#text} at (393,18) size 5x18
          text run at (393,18) width 5: " "
        RenderTextControl {INPUT} at (397,18) size 147x19 [bgcolor=#FFFFFF] [border: (2px inset #000000)]
        RenderText {#text} at (543,18) size 5x18
          text run at (543,18) width 5: " "
        RenderBR {BR} at (547,18) size 1x18
        RenderText {#text} at (0,37) size 270x18
          text run at (0,37) width 270: "Ellipsis to clip (should not show ellipsis): "
        RenderTextControl {INPUT} at (269,37) size 148x19 [bgcolor=#FFFFFF] [border: (2px inset #000000)]
        RenderText {#text} at (416,37) size 5x18
          text run at (416,37) width 5: " "
        RenderTextControl {INPUT} at (420,37) size 148x19 [bgcolor=#FFFFFF] [border: (2px inset #000000)]
        RenderText {#text} at (567,37) size 5x18
          text run at (567,37) width 5: " "
        RenderBR {BR} at (571,37) size 1x18
layer at (11,71) size 141x13 scrollWidth 288
  RenderBlock {DIV} at (3,3) size 141x13 [color=#A9A9A9]
    RenderText {#text} at (0,0) size 288x13
      text run at (0,0) width 288: "Lorem ipsum dolor sit amet, consectetur adipiscing elit"
layer at (11,71) size 141x13
  RenderBlock {DIV} at (3,3) size 141x13
layer at (170,71) size 141x13 scrollWidth 288
  RenderBlock {DIV} at (11,3) size 141x13 [color=#A9A9A9]
    RenderText {#text} at (0,0) size 288x13
      text run at (0,0) width 288: "Lorem ipsum dolor sit amet, consectetur adipiscing elit"
layer at (170,71) size 141x13
  RenderBlock {DIV} at (0,0) size 141x13
layer at (340,71) size 141x13 scrollWidth 289
  RenderBlock {DIV} at (3,3) size 141x13
    RenderText {#text} at (0,0) size 288x13
      text run at (0,0) width 288: "Lorem ipsum dolor sit amet, consectetur adipiscing elit"
layer at (499,71) size 141x13 scrollWidth 289
  RenderBlock {DIV} at (0,0) size 141x13
    RenderText {#text} at (0,0) size 288x13
      text run at (0,0) width 288: "Lorem ipsum dolor sit amet, consectetur adipiscing elit"
layer at (11,90) size 141x13 scrollWidth 386
  RenderBlock {DIV} at (0,0) size 141x13
    RenderText {#text} at (0,0) size 385x13
      text run at (0,0) width 385: "\x{F79A}\x{F79A}\x{F79A}\x{F79A}\x{F79A}\x{F79A}\x{F79A}\x{F79A}\x{F79A}\x{F79A}\x{F79A}\x{F79A}\x{F79A}\x{F79A}\x{F79A}\x{F79A}\x{F79A}\x{F79A}\x{F79A}\x{F79A}\x{F79A}\x{F79A}\x{F79A}\x{F79A}\x{F79A}\x{F79A}\x{F79A}\x{F79A}\x{F79A}\x{F79A}\x{F79A}\x{F79A}\x{F79A}\x{F79A}\x{F79A}\x{F79A}\x{F79A}\x{F79A}\x{F79A}\x{F79A}\x{F79A}\x{F79A}\x{F79A}\x{F79A}\x{F79A}\x{F79A}\x{F79A}\x{F79A}\x{F79A}\x{F79A}\x{F79A}\x{F79A}\x{F79A}\x{F79A}\x{F79A}"
layer at (11,109) size 140x13 scrollX 148 scrollWidth 288
  RenderBlock {DIV} at (3,3) size 140x13 [color=#A9A9A9]
    RenderText {#text} at (-147,0) size 288x13
      text run at (-147,0) width 287: "Lorem ipsum dolor sit amet, consectetur adipiscing elit"
layer at (11,109) size 140x13
  RenderBlock {DIV} at (3,3) size 140x13
layer at (180,109) size 140x13 scrollX 148 scrollWidth 288
  RenderBlock {DIV} at (22,3) size 140x13 [color=#A9A9A9]
    RenderText {#text} at (-147,0) size 288x13
      text run at (-147,0) width 287: "Lorem ipsum dolor sit amet, consectetur adipiscing elit"
layer at (180,109) size 140x13
  RenderBlock {DIV} at (0,0) size 140x13
layer at (338,109) size 140x13 scrollX 149 scrollWidth 289
  RenderBlock {DIV} at (3,3) size 140x13
    RenderText {#text} at (-147,0) size 288x13
      text run at (-147,0) width 287: "Lorem ipsum dolor sit amet, consectetur adipiscing elit"
layer at (507,109) size 140x13 scrollX 149 scrollWidth 289
  RenderBlock {DIV} at (0,0) size 140x13
    RenderText {#text} at (-147,0) size 288x13
      text run at (-147,0) width 287: "Lorem ipsum dolor sit amet, consectetur adipiscing elit"
layer at (11,128) size 140x13 scrollX 246 scrollWidth 386
  RenderBlock {DIV} at (0,0) size 140x13
    RenderText {#text} at (-244,0) size 385x13
      text run at (-244,0) width 384: "\x{F79A}\x{F79A}\x{F79A}\x{F79A}\x{F79A}\x{F79A}\x{F79A}\x{F79A}\x{F79A}\x{F79A}\x{F79A}\x{F79A}\x{F79A}\x{F79A}\x{F79A}\x{F79A}\x{F79A}\x{F79A}\x{F79A}\x{F79A}\x{F79A}\x{F79A}\x{F79A}\x{F79A}\x{F79A}\x{F79A}\x{F79A}\x{F79A}\x{F79A}\x{F79A}\x{F79A}\x{F79A}\x{F79A}\x{F79A}\x{F79A}\x{F79A}\x{F79A}\x{F79A}\x{F79A}\x{F79A}\x{F79A}\x{F79A}\x{F79A}\x{F79A}\x{F79A}\x{F79A}\x{F79A}\x{F79A}\x{F79A}\x{F79A}\x{F79A}\x{F79A}\x{F79A}\x{F79A}\x{F79A}"
layer at (11,181) size 141x13 scrollWidth 288
  RenderBlock {DIV} at (3,3) size 141x13 [color=#A9A9A9]
    RenderText {#text} at (0,0) size 288x13
      text run at (0,0) width 288: "Lorem ipsum dolor sit amet, consectetur adipiscing elit"
layer at (11,181) size 141x13
  RenderBlock {DIV} at (3,3) size 141x13
layer at (170,181) size 141x13 scrollWidth 288
  RenderBlock {DIV} at (11,3) size 141x13 [color=#A9A9A9]
    RenderText {#text} at (0,0) size 288x13
      text run at (0,0) width 288: "Lorem ipsum dolor sit amet, consectetur adipiscing elit"
layer at (170,181) size 141x13
  RenderBlock {DIV} at (0,0) size 141x13
layer at (340,181) size 141x13 scrollWidth 289
  RenderBlock {DIV} at (3,3) size 141x13
    RenderText {#text} at (0,0) size 288x13
      text run at (0,0) width 288: "Lorem ipsum dolor sit amet, consectetur adipiscing elit"
layer at (499,181) size 141x13 scrollWidth 289
  RenderBlock {DIV} at (0,0) size 141x13
    RenderText {#text} at (0,0) size 288x13
      text run at (0,0) width 288: "Lorem ipsum dolor sit amet, consectetur adipiscing elit"
layer at (11,200) size 141x13 scrollWidth 386
  RenderBlock {DIV} at (0,0) size 141x13
    RenderText {#text} at (0,0) size 385x13
      text run at (0,0) width 385: "\x{2022}\x{2022}\x{2022}\x{2022}\x{2022}\x{2022}\x{2022}\x{2022}\x{2022}\x{2022}\x{2022}\x{2022}\x{2022}\x{2022}\x{2022}\x{2022}\x{2022}\x{2022}\x{2022}\x{2022}\x{2022}\x{2022}\x{2022}\x{2022}\x{2022}\x{2022}\x{2022}\x{2022}\x{2022}\x{2022}\x{2022}\x{2022}\x{2022}\x{2022}\x{2022}\x{2022}\x{2022}\x{2022}\x{2022}\x{2022}\x{2022}\x{2022}\x{2022}\x{2022}\x{2022}\x{2022}\x{2022}\x{2022}\x{2022}\x{2022}\x{2022}\x{2022}\x{2022}\x{2022}\x{2022}"
layer at (11,219) size 140x13 scrollX 148 scrollWidth 288
  RenderBlock {DIV} at (3,3) size 140x13 [color=#A9A9A9]
    RenderText {#text} at (-147,0) size 288x13
      text run at (-147,0) width 287: "Lorem ipsum dolor sit amet, consectetur adipiscing elit"
layer at (11,219) size 140x13
  RenderBlock {DIV} at (3,3) size 140x13
layer at (180,219) size 140x13 scrollX 148 scrollWidth 288
  RenderBlock {DIV} at (22,3) size 140x13 [color=#A9A9A9]
    RenderText {#text} at (-147,0) size 288x13
      text run at (-147,0) width 287: "Lorem ipsum dolor sit amet, consectetur adipiscing elit"
layer at (180,219) size 140x13
  RenderBlock {DIV} at (0,0) size 140x13
layer at (338,219) size 140x13 scrollX 148 scrollWidth 288
  RenderBlock {DIV} at (3,3) size 140x13
    RenderText {#text} at (-147,0) size 288x13
      text run at (-147,0) width 287: "Lorem ipsum dolor sit amet, consectetur adipiscing elit"
layer at (507,219) size 140x13 scrollX 148 scrollWidth 288
  RenderBlock {DIV} at (0,0) size 140x13
    RenderText {#text} at (-147,0) size 288x13
      text run at (-147,0) width 287: "Lorem ipsum dolor sit amet, consectetur adipiscing elit"
layer at (11,238) size 140x13 scrollX 245 scrollWidth 385
  RenderBlock {DIV} at (0,0) size 140x13
    RenderText {#text} at (-244,0) size 385x13
      text run at (-244,0) width 384 RTL: "\x{2022}\x{2022}\x{2022}\x{2022}\x{2022}\x{2022}\x{2022}\x{2022}\x{2022}\x{2022}\x{2022}\x{2022}\x{2022}\x{2022}\x{2022}\x{2022}\x{2022}\x{2022}\x{2022}\x{2022}\x{2022}\x{2022}\x{2022}\x{2022}\x{2022}\x{2022}\x{2022}\x{2022}\x{2022}\x{2022}\x{2022}\x{2022}\x{2022}\x{2022}\x{2022}\x{2022}\x{2022}\x{2022}\x{2022}\x{2022}\x{2022}\x{2022}\x{2022}\x{2022}\x{2022}\x{2022}\x{2022}\x{2022}\x{2022}\x{2022}\x{2022}\x{2022}\x{2022}\x{2022}\x{2022}"
layer at (257,291) size 141x13 scrollWidth 288
  RenderBlock {DIV} at (3,3) size 141x13 [color=#A9A9A9]
    RenderText {#text} at (0,0) size 288x13
      text run at (0,0) width 288: "Lorem ipsum dolor sit amet, consectetur adipiscing elit"
layer at (257,291) size 141x13
  RenderBlock {DIV} at (3,3) size 141x13
layer at (408,291) size 141x13 scrollWidth 289
  RenderBlock {DIV} at (3,3) size 141x13
    RenderText {#text} at (0,0) size 288x13
      text run at (0,0) width 288: "Lorem ipsum dolor sit amet, consectetur adipiscing elit"
layer at (281,310) size 141x13 scrollWidth 288
  RenderBlock {DIV} at (3,3) size 141x13 [color=#A9A9A9]
    RenderText {#text} at (0,0) size 288x13
      text run at (0,0) width 288: "Lorem ipsum dolor sit amet, consectetur adipiscing elit"
layer at (281,310) size 141x13
  RenderBlock {DIV} at (3,3) size 141x13
layer at (432,310) size 141x13 scrollWidth 289
  RenderBlock {DIV} at (3,3) size 141x13
    RenderText {#text} at (0,0) size 288x13
      text run at (0,0) width 288: "Lorem ipsum dolor sit amet, consectetur adipiscing elit"
