layer at (0,0) size 800x600
  RenderView at (0,0) size 800x600
layer at (0,0) size 800x600
  RenderBlock {HTML} at (0,0) size 800x600
    RenderBody {BODY} at (8,8) size 784x584
      RenderText {#text} at (0,0) size 368x17
        text run at (0,0) width 368: "This tests that aqua-style search fields do not honor height."
      RenderBR {BR} at (368,0) size 0x17
      RenderTextControl {INPUT} at (0,121) size 69x6 [bgcolor=#FFFFFF] [border: (2px inset #000000)]
        RenderFlexibleBox {DIV} at (3,0) size 63x6
          RenderBlock {DIV} at (0,3) size 0x0
          RenderBlock {DIV} at (0,0) size 63x6
      RenderText {#text} at (75,112) size 4x17
        text run at (75,112) width 4: " "
      RenderTextControl {INPUT} at (79,101) size 188x40 [bgcolor=#FFFFFF] [border: (2px inset #000000)]
        RenderFlexibleBox {DIV} at (3,3) size 182x34
          RenderBlock {DIV} at (0,17) size 0x0
          RenderBlock {DIV} at (0,8) size 167x18
      RenderText {#text} at (267,112) size 4x17
        text run at (267,112) width 4: " "
      RenderTextControl {INPUT} at (271,18) size 343x200 [bgcolor=#FFFFFF] [border: (2px inset #000000)]
        RenderFlexibleBox {DIV} at (3,3) size 337x194
          RenderBlock {DIV} at (0,97) size 0x0
          RenderBlock {DIV} at (0,81) size 283x32
      RenderText {#text} at (0,0) size 0x0
layer at (11,129) size 57x6
  RenderBlock {DIV} at (0,0) size 57x6
    RenderText {#text} at (0,0) size 10x6
      text run at (0,0) width 10: "mini"
layer at (90,121) size 167x17
  RenderBlock {DIV} at (0,0) size 167x17
    RenderText {#text} at (0,0) size 35x17
      text run at (0,0) width 35: "small"
layer at (282,111) size 310x31
  RenderBlock {DIV} at (0,0) size 310x31
    RenderText {#text} at (0,0) size 84x30
      text run at (0,0) width 84: "regular"
layer at (74,129) size 6x6
  RenderBlock {DIV} at (63,0) size 6x6 [bgcolor=#000000]
layer at (257,122) size 15x15
  RenderBlock {DIV} at (167,9) size 15x16 [bgcolor=#000000]
layer at (592,113) size 27x27
  RenderBlock {DIV} at (310,83) size 27x28 [bgcolor=#000000]
