layer at (0,0) size 800x600
  RenderView at (0,0) size 800x600
layer at (0,0) size 800x64
  RenderBlock {HTML} at (0,0) size 800x64
    RenderBody {BODY} at (8,8) size 784x48
      RenderBlock {DIV} at (0,0) size 784x24
        RenderText {#text} at (625,3) size 159x17
          text run at (625,3) width 8 RTL: ": "
          text run at (633,3) width 151: "right to left search fields"
        RenderTextControl {INPUT} at (418,0) size 207x24 [bgcolor=#FFFFFF] [border: (2px inset #000000)]
          RenderFlexibleBox {DIV} at (3,3) size 201x18
            RenderBlock {DIV} at (201,9) size 0x0
            RenderBlock {DIV} at (16,0) size 185x18
        RenderText {#text} at (414,3) size 4x17
          text run at (414,3) width 4 RTL: " "
        RenderTextControl {INPUT} at (191,0) size 223x24 [bgcolor=#FFFFFF] [border: (2px inset #000000)]
          RenderFlexibleBox {DIV} at (3,3) size 217x18
            RenderBlock {DIV} at (16,0) size 185x18
        RenderText {#text} at (0,0) size 0x0
      RenderBlock {DIV} at (0,24) size 784x24
        RenderText {#text} at (0,3) size 159x17
          text run at (0,3) width 159: "left to right search fields: "
        RenderTextControl {INPUT} at (159,0) size 208x24 [bgcolor=#FFFFFF] [border: (2px inset #000000)]
          RenderFlexibleBox {DIV} at (3,3) size 202x18
            RenderBlock {DIV} at (0,9) size 0x0
            RenderBlock {DIV} at (0,0) size 186x18
        RenderText {#text} at (367,3) size 4x17
          text run at (367,3) width 4: " "
        RenderTextControl {INPUT} at (371,0) size 224x24 [bgcolor=#FFFFFF] [border: (2px inset #000000)]
          RenderFlexibleBox {DIV} at (3,3) size 218x18
            RenderBlock {DIV} at (16,0) size 186x18
        RenderText {#text} at (0,0) size 0x0
layer at (445,11) size 185x18
  RenderBlock {DIV} at (0,0) size 185x18
    RenderText {#text} at (140,0) size 45x17
      text run at (140,0) width 45: "foobar"
layer at (218,11) size 185x18
  RenderBlock {DIV} at (0,0) size 185x18
    RenderText {#text} at (140,0) size 45x17
      text run at (140,0) width 45: "foobar"
layer at (170,35) size 186x18
  RenderBlock {DIV} at (0,0) size 186x18
    RenderText {#text} at (0,0) size 45x17
      text run at (0,0) width 45: "foobar"
layer at (398,35) size 186x18
  RenderBlock {DIV} at (0,0) size 186x18
    RenderText {#text} at (0,0) size 45x17
      text run at (0,0) width 45: "foobar"
layer at (429,12) size 16x16
  RenderBlock {DIV} at (0,1) size 16x16 [bgcolor=#000000]
layer at (403,12) size 16x16
  RenderBlock {DIV} at (201,1) size 16x16 [bgcolor=#000000]
layer at (202,12) size 16x16
  RenderBlock {DIV} at (0,1) size 16x16 [bgcolor=#000000]
layer at (356,36) size 16x16
  RenderBlock {DIV} at (186,1) size 16x16 [bgcolor=#000000]
layer at (382,36) size 16x16
  RenderBlock {DIV} at (0,1) size 16x16 [bgcolor=#000000]
layer at (584,36) size 16x16
  RenderBlock {DIV} at (202,1) size 16x16 [bgcolor=#000000]
